[
    {
        "amount": 5.23,
        "description": "DPVAT 2020",
        "title": "Seguro Obrigat√≥rio",
        "type": "insurance",
        "year": 2020
    }
]