[
    {
        "amount": 98.91,
        "description": "Licenciamento 2021",
        "title": "Licenciamento de Ve√≠culo",
        "type": "licensing",
        "year": 2021
    }
]
